2026-03-13 13:07:37,625 [INFO] === MAHIRA START ===
2026-03-13 13:07:37,625 [INFO] sys.executable: C:\Users\Mahan\AppData\Local\Python\pythoncore-3.14-64\python.exe
2026-03-13 13:07:37,625 [INFO] project_root: S:\GitHub\MAHIRA
2026-03-13 13:07:37,625 [INFO] db_path: S:\GitHub\MAHIRA\.mahira\mahira.db
2026-03-13 13:07:37,625 [INFO] schema_path: S:\GitHub\MAHIRA\src\db\schema.sql
2026-03-13 13:07:37,625 [INFO] models_dir: S:\GitHub\MAHIRA\.mahira\ml_models
2026-03-13 13:08:16,841 [INFO] tables: ['languages', 'decks', 'sqlite_sequence', 'vocab', 'vocab_examples', 'vocab_states', 'reviews', 'grammar', 'grammar_states', 'grammar_reviews', 'sentences', 'sentence_states', 'sentence_reviews']
2026-03-13 13:08:16,841 [INFO] sentences rows: 187
2026-03-13 13:08:16,842 [INFO] sample sentence: 'Ich heiße Anna.'
2026-03-13 13:08:16,842 [INFO] sample words_json: '["Ich", "heiße", "Anna", "."]'
2026-03-13 13:08:21,677 [INFO] UI sentence target='Ich heiße Anna.' words_len=4
2026-03-13 13:08:28,877 [INFO] UI sentence target='Sie arbeitet zu Hause.' words_len=5
2026-03-13 13:08:52,864 [INFO] UI sentence target='Paul geht lieber raus.' words_len=5
2026-03-13 13:09:17,617 [INFO] UI sentence target='Einfach nichts.' words_len=3
2026-03-13 13:09:27,167 [INFO] UI sentence target='Wann ist die Schule vorbei?' words_len=6
2026-04-20 15:17:58,013 [INFO] === MAHIRA START ===
2026-04-20 15:17:58,014 [INFO] sys.executable: C:\Users\Mahan\AppData\Local\Python\pythoncore-3.14-64\python.exe
2026-04-20 15:17:58,014 [INFO] project_root: S:\GitHub\old shit\MAHIRA
2026-04-20 15:17:58,014 [INFO] db_path: S:\GitHub\old shit\MAHIRA\.mahira\mahira.db
2026-04-20 15:17:58,015 [INFO] schema_path: S:\GitHub\old shit\MAHIRA\src\db\schema.sql
2026-04-20 15:17:58,015 [INFO] models_dir: S:\GitHub\old shit\MAHIRA\.mahira\ml_models
2026-04-20 15:17:58,486 [INFO] tables: ['languages', 'decks', 'sqlite_sequence', 'vocab', 'vocab_examples', 'vocab_states', 'reviews', 'grammar', 'grammar_states', 'grammar_reviews', 'sentences', 'sentence_states', 'sentence_reviews']
2026-04-20 15:17:58,487 [INFO] sentences rows: 187
2026-04-20 15:17:58,487 [INFO] sample sentence: 'Ich heiße Anna.'
2026-04-20 15:17:58,487 [INFO] sample words_json: '["Ich", "heiße", "Anna", "."]'
2026-04-20 15:18:16,116 [INFO] UI sentence target='Und freut sich.' words_len=4
2026-04-20 15:18:33,828 [INFO] UI sentence target='Robbie geht zum Computer.' words_len=5
2026-04-20 15:18:38,567 [INFO] UI sentence target='Ohne Musik kann er nicht leben.' words_len=7
2026-04-20 15:18:43,716 [INFO] UI sentence target='Das Kind isst Brot.' words_len=5
2026-04-20 15:19:02,301 [INFO] UI sentence target='Wer arbeitet?' words_len=3
2026-04-20 15:31:38,623 [INFO] === MAHIRA START ===
2026-04-20 15:31:38,623 [INFO] sys.executable: C:\Users\Mahan\AppData\Local\Python\pythoncore-3.14-64\python.exe
2026-04-20 15:31:38,623 [INFO] project_root: S:\GitHub\old shit\MAHIRA
2026-04-20 15:31:38,623 [INFO] db_path: S:\GitHub\old shit\MAHIRA\.mahira\mahira.db
2026-04-20 15:31:38,623 [INFO] schema_path: S:\GitHub\old shit\MAHIRA\src\db\schema.sql
2026-04-20 15:31:38,624 [INFO] models_dir: S:\GitHub\old shit\MAHIRA\.mahira\ml_models
2026-04-20 15:31:38,651 [INFO] tables: ['languages', 'decks', 'sqlite_sequence', 'vocab', 'vocab_examples', 'vocab_states', 'reviews', 'grammar', 'grammar_states', 'grammar_reviews', 'sentences', 'sentence_states', 'sentence_reviews']
2026-04-20 15:31:38,652 [INFO] sentences rows: 187
2026-04-20 15:31:38,652 [INFO] sample sentence: 'Ich heiße Anna.'
2026-04-20 15:31:38,652 [INFO] sample words_json: '["Ich", "heiße", "Anna", "."]'
2026-04-20 15:31:47,716 [INFO] UI sentence target='Und seinen Laptop.' words_len=4
2026-04-20 15:31:51,370 [INFO] UI sentence target='Da klingelt das Handy.' words_len=5
2026-04-20 15:31:54,761 [INFO] UI sentence target='Du sagst immer: Da ist es schön.' words_len=9
2026-04-20 15:31:55,703 [INFO] UI sentence target='Es kann total schön sein.' words_len=6
2026-04-20 15:32:06,750 [INFO] UI sentence target='Wo ist die Toilette?' words_len=5
2026-04-20 15:32:07,475 [INFO] UI sentence target='Oma hört immer Musik.' words_len=5
2026-04-20 15:32:11,288 [INFO] UI sentence target='Deshalb sagt er.' words_len=4
2026-04-20 15:32:12,864 [INFO] UI sentence target='Sie kann Hilfe brauchen.' words_len=5
2026-04-20 15:34:11,926 [INFO] UI sentence target='Mir geht es gut.' words_len=5
2026-04-20 15:34:14,610 [INFO] UI sentence target='Er ist verheiratet.' words_len=4
